// Jest Snapshot v1, https://goo.gl/fbAQLP

exports[`BrandDeals Component should match the snapshot 1`] = `
{
  "asFragment": [Function],
  "baseElement": <body>
    <div>
      <div
        class="brand-deals"
      >
        <div
          class="container"
        >
          <div
            class="brand-deals__inner"
          >
            <h2
              class="brand-deals__heading"
            >
              Top Brands Deal
            </h2>
            <p
              class="brand-deals__subheading"
            >
              Up To 
              <span>
                60%
              </span>
               off on brands
            </p>
            <div
              class="brand-deals__images"
            >
              <img
                alt="brand logo"
                loading="lazy"
                src="brand4.png"
              />
              <img
                alt="brand logo"
                loading="lazy"
                src="brand4.png"
              />
              <img
                alt="brand logo"
                loading="lazy"
                src="brand4.png"
              />
              <img
                alt="brand logo"
                loading="lazy"
                src="brand4.png"
              />
              <img
                alt="brand logo"
                loading="lazy"
                src="brand4.png"
              />
            </div>
          </div>
        </div>
      </div>
    </div>
  </body>,
  "container": <div>
    <div
      class="brand-deals"
    >
      <div
        class="container"
      >
        <div
          class="brand-deals__inner"
        >
          <h2
            class="brand-deals__heading"
          >
            Top Brands Deal
          </h2>
          <p
            class="brand-deals__subheading"
          >
            Up To 
            <span>
              60%
            </span>
             off on brands
          </p>
          <div
            class="brand-deals__images"
          >
            <img
              alt="brand logo"
              loading="lazy"
              src="brand4.png"
            />
            <img
              alt="brand logo"
              loading="lazy"
              src="brand4.png"
            />
            <img
              alt="brand logo"
              loading="lazy"
              src="brand4.png"
            />
            <img
              alt="brand logo"
              loading="lazy"
              src="brand4.png"
            />
            <img
              alt="brand logo"
              loading="lazy"
              src="brand4.png"
            />
          </div>
        </div>
      </div>
    </div>
  </div>,
  "debug": [Function],
  "findAllByAltText": [Function],
  "findAllByDisplayValue": [Function],
  "findAllByLabelText": [Function],
  "findAllByPlaceholderText": [Function],
  "findAllByRole": [Function],
  "findAllByTestId": [Function],
  "findAllByText": [Function],
  "findAllByTitle": [Function],
  "findByAltText": [Function],
  "findByDisplayValue": [Function],
  "findByLabelText": [Function],
  "findByPlaceholderText": [Function],
  "findByRole": [Function],
  "findByTestId": [Function],
  "findByText": [Function],
  "findByTitle": [Function],
  "getAllByAltText": [Function],
  "getAllByDisplayValue": [Function],
  "getAllByLabelText": [Function],
  "getAllByPlaceholderText": [Function],
  "getAllByRole": [Function],
  "getAllByTestId": [Function],
  "getAllByText": [Function],
  "getAllByTitle": [Function],
  "getByAltText": [Function],
  "getByDisplayValue": [Function],
  "getByLabelText": [Function],
  "getByPlaceholderText": [Function],
  "getByRole": [Function],
  "getByTestId": [Function],
  "getByText": [Function],
  "getByTitle": [Function],
  "queryAllByAltText": [Function],
  "queryAllByDisplayValue": [Function],
  "queryAllByLabelText": [Function],
  "queryAllByPlaceholderText": [Function],
  "queryAllByRole": [Function],
  "queryAllByTestId": [Function],
  "queryAllByText": [Function],
  "queryAllByTitle": [Function],
  "queryByAltText": [Function],
  "queryByDisplayValue": [Function],
  "queryByLabelText": [Function],
  "queryByPlaceholderText": [Function],
  "queryByRole": [Function],
  "queryByTestId": [Function],
  "queryByText": [Function],
  "queryByTitle": [Function],
  "rerender": [Function],
  "unmount": [Function],
}
`;
